// Jest Snapshot v1, https://goo.gl/fbAQLP

exports[`<MainPage /> renders correctly 1`] = `
<div>
  <div
    class="tc"
  >
    <div>
      <h1
        class="f1"
      >
        RoboFriends
      </h1>
      <button
        color="red"
        id="counter"
      >
        Count: 
        0
      </button>
    </div>
    <div
      class="pa2"
    >
      <input
        aria-label="Search Robots"
        class="pa3 ba b--green bg-lightest-blue"
        placeholder="search robots"
        type="search"
      />
    </div>
    <div
      style="overflow: scroll; border: 5px solid black; height: 800px;"
    >
      <div />
    </div>
  </div>
</div>
`;
